<?xml version="1.0" encoding="UTF-8" ?>
<testsuites name="vitest tests" tests="11" failures="0" errors="0" time="0.32467975">
    <testsuite name="src/App.test.tsx" timestamp="2025-11-19T16:02:33.736Z" hostname="hervo.local" tests="11" failures="0" errors="0" skipped="0" time="0.32467975">
        <testcase classname="src/App.test.tsx" name="App - Step 1: Basic Payment List &gt; should fetch and display payments in a table with page=1 and pageSize=5" time="0.124393208">
        </testcase>
        <testcase classname="src/App.test.tsx" name="App - Step 2: Search by Payment ID &gt; should have a search input for payment ID" time="0.010489416">
        </testcase>
        <testcase classname="src/App.test.tsx" name="App - Step 2: Search by Payment ID &gt; should search for payments by payment ID" time="0.0275785">
        </testcase>
        <testcase classname="src/App.test.tsx" name="App - Step 3: Clear Filters &gt; should clear all filters when clear button is clicked" time="0.029861791">
        </testcase>
        <testcase classname="src/App.test.tsx" name="App - Step 4: Handle Payment Not Found &gt; should display error message when payment ID is not found" time="0.024231708">
        </testcase>
        <testcase classname="src/App.test.tsx" name="App - Step 5: Handle Server Error &gt; should display error message when API returns 500" time="0.017163042">
        </testcase>
        <testcase classname="src/App.test.tsx" name="App - Step 6: Currency Filter &gt; should have a currency filter dropdown" time="0.009451333">
        </testcase>
        <testcase classname="src/App.test.tsx" name="App - Step 6: Currency Filter &gt; should filter payments by currency when selected" time="0.009121">
        </testcase>
        <testcase classname="src/App.test.tsx" name="App - Step 7: Combined Currency and Payment ID Filter &gt; should filter by both currency and payment ID" time="0.02221925">
        </testcase>
        <testcase classname="src/App.test.tsx" name="App - Step 8: Pagination &gt; should display pagination controls" time="0.024148167">
        </testcase>
        <testcase classname="src/App.test.tsx" name="App - Step 8: Pagination &gt; should disable previous button on first page" time="0.02319025">
        </testcase>
    </testsuite>
</testsuites>
